 [PANIC]failed to init config: open conf/config.yaml: no such file or directory
 [PANIC]failed to init config: open conf/config.yaml: no such file or directory
 [INFO]config init success
[INFO]runner dependencies init success
 [INFO]config init success
[INFO]runner dependencies init success
 [INFO]config init success
[INFO]runner dependencies init success
 [INFO]network has been enabled
[INFO]config init success
[INFO]runner dependencies init success
 [INFO]network has been enabled
[INFO]config init success
[INFO]runner dependencies init success
 [INFO]network has been enabled
[INFO]config init success
[INFO]runner dependencies init success
 [INFO]network has been enabled
[INFO]config init success
[INFO]runner dependencies init success
 [INFO]network has been enabled
[INFO]config init success
[INFO]runner dependencies init success
 [INFO]network has been enabled
[INFO]config init success
[INFO]runner dependencies init success
 [INFO]network has been enabled
[INFO]config init success
[INFO]runner dependencies init success
 [INFO]network has been enabled
[INFO]config init success
[INFO]runner dependencies init success
 [INFO]network has been enabled
[INFO]config init success
[INFO]runner dependencies init success
