 [INFO]config init success
[INFO]Starting gateway server on :8080
[INFO]Starting admin API on :8195
[INFO]Load balancer strategy: least-connections
[INFO]Health check interval: 15 seconds
[INFO]Redis Config - Addr: localhost:6379, Password: 'develop', DB: 0
 [INFO]config init success
[INFO]Starting gateway server on :8080
[INFO]Starting admin API on :8195
[INFO]Load balancer strategy: least-connections
[INFO]Health check interval: 15 seconds
[INFO]Redis Config - Addr: localhost:6379, Password: 'develop', DB: 0
 [INFO]config init success
[INFO]Starting gateway server on :8080
[INFO]Starting admin API on :8195
[INFO]Load balancer strategy: least-connections
[INFO]Health check interval: 15 seconds
[INFO]Redis Config - Addr: localhost:6379, Password: 'develop', DB: 0
 [INFO]config init success
[INFO]Starting gateway server on :8080
[INFO]Starting admin API on :8195
[INFO]Load balancer strategy: least-connections
[INFO]Health check interval: 15 seconds
[INFO]Redis Config - Addr: localhost:6379, Password: 'develop', DB: 0
 [INFO]config init success
[INFO]Starting gateway server on :8080
[INFO]Starting admin API on :8195
[INFO]Load balancer strategy: least-connections
[INFO]Health check interval: 15 seconds
[INFO]Redis Config - Addr: localhost:6379, Password: 'develop', DB: 0
 [INFO]config init success
[INFO]Starting gateway server on :8080
[INFO]Starting admin API on :8195
[INFO]Load balancer strategy: least-connections
[INFO]Health check interval: 15 seconds
[INFO]Redis Config - Addr: localhost:6379, Password: 'develop', DB: 0
 [INFO]config init success
[INFO]Starting gateway server on :8080
[INFO]Starting admin API on :8195
[INFO]Load balancer strategy: least-connections
[INFO]Health check interval: 15 seconds
[INFO]Redis Config - Addr: localhost:6379, Password: 'develop', DB: 0
 [INFO]config init success
[INFO]Starting gateway server on :8080
[INFO]Starting admin API on :8195
[INFO]Load balancer strategy: least-connections
[INFO]Health check interval: 15 seconds
[INFO]Redis Config - Addr: localhost:6379, Password: 'develop', DB: 0
 [INFO]config init success
[INFO]Starting gateway server on :8080
[INFO]Starting admin API on :8195
[INFO]Load balancer strategy: least-connections
[INFO]Health check interval: 15 seconds
[INFO]Redis Config - Addr: localhost:6379, Password: 'develop', DB: 0
